docker compose -p mf-product-value -f /Users/macbook/Documents/Projects/meterforge/docs/benchmarks/product-value/compose.json down
 Container mf-product-value-sink-worker-1 Stopping 
 Container mf-product-value-sink-worker-1 Stopped 
 Container mf-product-value-sink-worker-1 Removing 
 Container mf-product-value-sink-worker-1 Removed 
 Container mf-product-value-meterforge-1 Stopping 
 Container mf-product-value-redis-1 Stopping 
 Container mf-product-value-redis-1 Stopped 
 Container mf-product-value-redis-1 Removing 
 Container mf-product-value-redis-1 Removed 
 Container mf-product-value-meterforge-1 Stopped 
 Container mf-product-value-meterforge-1 Removing 
 Container mf-product-value-meterforge-1 Removed 
 Container mf-product-value-kafka-1 Stopping 
 Container mf-product-value-clickhouse-1 Stopping 
 Container mf-product-value-postgres-1 Stopping 
 Container mf-product-value-postgres-1 Stopped 
 Container mf-product-value-postgres-1 Removing 
 Container mf-product-value-postgres-1 Removed 
 Container mf-product-value-kafka-1 Stopped 
 Container mf-product-value-kafka-1 Removing 
 Container mf-product-value-clickhouse-1 Stopped 
 Container mf-product-value-clickhouse-1 Removing 
 Container mf-product-value-kafka-1 Removed 
 Container mf-product-value-clickhouse-1 Removed 
 Network mf-product-value_default Removing 
 Network mf-product-value_default Removed 
