docker compose -p mf-product-value -f /Users/macbook/Documents/Projects/meterforge/docs/benchmarks/product-value/compose.json up -d --wait --wait-timeout 180
 Network mf-product-value_default Creating 
 Network mf-product-value_default Created 
 Container mf-product-value-redis-1 Creating 
 Container mf-product-value-postgres-1 Creating 
 Container mf-product-value-clickhouse-1 Creating 
 Container mf-product-value-kafka-1 Creating 
 Container mf-product-value-clickhouse-1 Created 
 Container mf-product-value-redis-1 Created 
 Container mf-product-value-postgres-1 Created 
 Container mf-product-value-kafka-1 Created 
 Container mf-product-value-meterforge-1 Creating 
 Container mf-product-value-meterforge-1 Created 
 Container mf-product-value-sink-worker-1 Creating 
 Container mf-product-value-sink-worker-1 Created 
 Container mf-product-value-redis-1 Starting 
 Container mf-product-value-clickhouse-1 Starting 
 Container mf-product-value-kafka-1 Starting 
 Container mf-product-value-postgres-1 Starting 
 Container mf-product-value-redis-1 Started 
 Container mf-product-value-clickhouse-1 Started 
 Container mf-product-value-kafka-1 Started 
 Container mf-product-value-postgres-1 Started 
 Container mf-product-value-clickhouse-1 Waiting 
 Container mf-product-value-kafka-1 Waiting 
 Container mf-product-value-postgres-1 Waiting 
 Container mf-product-value-kafka-1 Healthy 
 Container mf-product-value-postgres-1 Healthy 
 Container mf-product-value-clickhouse-1 Healthy 
 Container mf-product-value-meterforge-1 Starting 
 Container mf-product-value-meterforge-1 Started 
 Container mf-product-value-kafka-1 Waiting 
 Container mf-product-value-meterforge-1 Waiting 
 Container mf-product-value-redis-1 Waiting 
 Container mf-product-value-clickhouse-1 Waiting 
 Container mf-product-value-redis-1 Healthy 
 Container mf-product-value-clickhouse-1 Healthy 
 Container mf-product-value-kafka-1 Healthy 
 Container mf-product-value-meterforge-1 Healthy 
 Container mf-product-value-sink-worker-1 Starting 
 Container mf-product-value-sink-worker-1 Started 
 Container mf-product-value-clickhouse-1 Waiting 
 Container mf-product-value-kafka-1 Waiting 
 Container mf-product-value-meterforge-1 Waiting 
 Container mf-product-value-postgres-1 Waiting 
 Container mf-product-value-redis-1 Waiting 
 Container mf-product-value-sink-worker-1 Waiting 
 Container mf-product-value-clickhouse-1 Healthy 
 Container mf-product-value-kafka-1 Healthy 
 Container mf-product-value-sink-worker-1 Healthy 
 Container mf-product-value-redis-1 Healthy 
 Container mf-product-value-meterforge-1 Healthy 
 Container mf-product-value-postgres-1 Healthy 
